go: downloading golang.org/x/sync v0.22.0
go: downloading golang.org/x/time v0.15.0
go: downloading github.com/exaring/otelpgx v0.11.1
go: downloading github.com/jackc/pgx/v5 v5.10.0
go: downloading go.opentelemetry.io/otel v1.44.0
go: downloading go.opentelemetry.io/otel/metric v1.44.0
go: downloading go.opentelemetry.io/otel/trace v1.44.0
go: downloading github.com/jackc/puddle/v2 v2.2.2
go: downloading github.com/jackc/pgpassfile v1.0.0
go: downloading github.com/jackc/pgservicefile v0.0.0-20240606120523-5a60cdf6a761
go: downloading golang.org/x/text v0.37.0
go: downloading github.com/go-logr/logr v1.4.3
go: downloading github.com/go-logr/stdr v1.2.2
go: downloading go.opentelemetry.io/auto/sdk v1.2.1
go: downloading github.com/cespare/xxhash/v2 v2.3.0
=== RUN   TestGCPServicesErrorRedacted
    gcp_auth_test.go:26: expected redacted non-success error, got GCP services list HTTP 403: test-key-sensitive response-secret
--- FAIL: TestGCPServicesErrorRedacted (0.00s)
FAIL
FAIL	github.com/c3xdev/c3x-pricing-api/internal/scraper	0.002s
FAIL
