=== RUN   TestGCPCatalogOriginAndRedirects
=== RUN   TestGCPCatalogOriginAndRedirects/api_key/http://cloudbilling.googleapis.com/v1/services
    gcp_security_test.go:22: unsafe origin accepted: error=<nil> calls=1
=== RUN   TestGCPCatalogOriginAndRedirects/api_key/https://evil.example/v1/services
    gcp_security_test.go:22: unsafe origin accepted: error=<nil> calls=1
=== RUN   TestGCPCatalogOriginAndRedirects/api_key/https://cloudbilling.googleapis.com.evil.example/v1/services
    gcp_security_test.go:22: unsafe origin accepted: error=<nil> calls=1
=== RUN   TestGCPCatalogOriginAndRedirects/api_key/https://cloudbilling.googleapis.com:443/v1/services
    gcp_security_test.go:22: unsafe origin accepted: error=<nil> calls=1
=== RUN   TestGCPCatalogOriginAndRedirects/api_key/https://user@cloudbilling.googleapis.com/v1/services
    gcp_security_test.go:22: unsafe origin accepted: error=<nil> calls=1
=== RUN   TestGCPCatalogOriginAndRedirects/api_key/https://cloudbilling.googleapis.com/v1/services#fragment
    gcp_security_test.go:22: unsafe origin accepted: error=<nil> calls=1
=== RUN   TestGCPCatalogOriginAndRedirects/api_key/redirect/https://evil.example/secret
    gcp_security_test.go:36: redirect followed: error=<nil> calls=2
=== RUN   TestGCPCatalogOriginAndRedirects/api_key/redirect/http://cloudbilling.googleapis.com/secret
    gcp_security_test.go:36: redirect followed: error=<nil> calls=2
=== RUN   TestGCPCatalogOriginAndRedirects/api_key/redirect/https://cloudbilling.googleapis.com/secret
    gcp_security_test.go:36: redirect followed: error=<nil> calls=2
=== RUN   TestGCPCatalogOriginAndRedirects/adc/http://cloudbilling.googleapis.com/v1/services
    gcp_security_test.go:22: unsafe origin accepted: error=<nil> calls=1
=== RUN   TestGCPCatalogOriginAndRedirects/adc/https://evil.example/v1/services
    gcp_security_test.go:22: unsafe origin accepted: error=<nil> calls=1
=== RUN   TestGCPCatalogOriginAndRedirects/adc/https://cloudbilling.googleapis.com.evil.example/v1/services
    gcp_security_test.go:22: unsafe origin accepted: error=<nil> calls=1
=== RUN   TestGCPCatalogOriginAndRedirects/adc/https://cloudbilling.googleapis.com:443/v1/services
    gcp_security_test.go:22: unsafe origin accepted: error=<nil> calls=1
=== RUN   TestGCPCatalogOriginAndRedirects/adc/https://user@cloudbilling.googleapis.com/v1/services
    gcp_security_test.go:22: unsafe origin accepted: error=<nil> calls=1
=== RUN   TestGCPCatalogOriginAndRedirects/adc/https://cloudbilling.googleapis.com/v1/services#fragment
    gcp_security_test.go:22: unsafe origin accepted: error=<nil> calls=1
=== RUN   TestGCPCatalogOriginAndRedirects/adc/redirect/https://evil.example/secret
    gcp_security_test.go:36: redirect followed: error=<nil> calls=2
=== RUN   TestGCPCatalogOriginAndRedirects/adc/redirect/http://cloudbilling.googleapis.com/secret
    gcp_security_test.go:36: redirect followed: error=<nil> calls=2
=== RUN   TestGCPCatalogOriginAndRedirects/adc/redirect/https://cloudbilling.googleapis.com/secret
    gcp_security_test.go:36: redirect followed: error=<nil> calls=2
--- FAIL: TestGCPCatalogOriginAndRedirects (0.00s)
    --- FAIL: TestGCPCatalogOriginAndRedirects/api_key/http://cloudbilling.googleapis.com/v1/services (0.00s)
    --- FAIL: TestGCPCatalogOriginAndRedirects/api_key/https://evil.example/v1/services (0.00s)
    --- FAIL: TestGCPCatalogOriginAndRedirects/api_key/https://cloudbilling.googleapis.com.evil.example/v1/services (0.00s)
    --- FAIL: TestGCPCatalogOriginAndRedirects/api_key/https://cloudbilling.googleapis.com:443/v1/services (0.00s)
    --- FAIL: TestGCPCatalogOriginAndRedirects/api_key/https://user@cloudbilling.googleapis.com/v1/services (0.00s)
    --- FAIL: TestGCPCatalogOriginAndRedirects/api_key/https://cloudbilling.googleapis.com/v1/services#fragment (0.00s)
    --- FAIL: TestGCPCatalogOriginAndRedirects/api_key/redirect/https://evil.example/secret (0.00s)
    --- FAIL: TestGCPCatalogOriginAndRedirects/api_key/redirect/http://cloudbilling.googleapis.com/secret (0.00s)
    --- FAIL: TestGCPCatalogOriginAndRedirects/api_key/redirect/https://cloudbilling.googleapis.com/secret (0.00s)
    --- FAIL: TestGCPCatalogOriginAndRedirects/adc/http://cloudbilling.googleapis.com/v1/services (0.00s)
    --- FAIL: TestGCPCatalogOriginAndRedirects/adc/https://evil.example/v1/services (0.00s)
    --- FAIL: TestGCPCatalogOriginAndRedirects/adc/https://cloudbilling.googleapis.com.evil.example/v1/services (0.00s)
    --- FAIL: TestGCPCatalogOriginAndRedirects/adc/https://cloudbilling.googleapis.com:443/v1/services (0.00s)
    --- FAIL: TestGCPCatalogOriginAndRedirects/adc/https://user@cloudbilling.googleapis.com/v1/services (0.00s)
    --- FAIL: TestGCPCatalogOriginAndRedirects/adc/https://cloudbilling.googleapis.com/v1/services#fragment (0.00s)
    --- FAIL: TestGCPCatalogOriginAndRedirects/adc/redirect/https://evil.example/secret (0.00s)
    --- FAIL: TestGCPCatalogOriginAndRedirects/adc/redirect/http://cloudbilling.googleapis.com/secret (0.00s)
    --- FAIL: TestGCPCatalogOriginAndRedirects/adc/redirect/https://cloudbilling.googleapis.com/secret (0.00s)
=== RUN   TestGCPCatalogTransportErrorRedacted
    gcp_security_test.go:46: transport error not redacted: Get "https://cloudbilling.googleapis.com/v1/services": sensitive-token-and-headers
--- FAIL: TestGCPCatalogTransportErrorRedacted (0.00s)
=== RUN   TestGCPQuotaHeaderInjectionRejected
    gcp_security_test.go:51: bad quota accepted/leaked: <nil>
--- FAIL: TestGCPQuotaHeaderInjectionRejected (0.00s)
FAIL
FAIL	github.com/c3xdev/c3x-pricing-api/internal/scraper	0.003s
FAIL
