=== RUN   TestGCPAuthFailureNotSwallowed
=== RUN   TestGCPAuthFailureNotSwallowed/servicesUnauthorized
=== RUN   TestGCPAuthFailureNotSwallowed/servicesForbidden
=== RUN   TestGCPAuthFailureNotSwallowed/skusUnauthorized
2026/09/13 16:51:10 WARN GCP service display name not resolved (rename or removed?) vendor=gcp name="Cloud Memorystore for Redis"
2026/09/13 16:51:10 WARN GCP service display name not resolved (rename or removed?) vendor=gcp name=BigQuery
2026/09/13 16:51:10 WARN GCP service display name not resolved (rename or removed?) vendor=gcp name="Cloud Filestore"
2026/09/13 16:51:10 WARN GCP service display name not resolved (rename or removed?) vendor=gcp name="Cloud Bigtable"
2026/09/13 16:51:10 WARN GCP service display name not resolved (rename or removed?) vendor=gcp name="Secret Manager"
2026/09/13 16:51:10 WARN GCP service display name not resolved (rename or removed?) vendor=gcp name="Cloud Key Management Service (KMS)"
2026/09/13 16:51:10 WARN GCP service display name not resolved (rename or removed?) vendor=gcp name="Artifact Registry"
2026/09/13 16:51:10 WARN GCP service display name not resolved (rename or removed?) vendor=gcp name="Cloud Logging"
2026/09/13 16:51:10 WARN GCP service display name not resolved (rename or removed?) vendor=gcp name="Cloud Spanner"
2026/09/13 16:51:10 WARN GCP service display name not resolved (rename or removed?) vendor=gcp name="Cloud Dataflow"
2026/09/13 16:51:10 WARN GCP service display name not resolved (rename or removed?) vendor=gcp name=Dataproc
2026/09/13 16:51:10 INFO scraping service vendor=gcp service="Cloud Pub/Sub" service_id=A1E8-BE35-7EBC
2026/09/13 16:51:10 INFO scraping service vendor=gcp service="Cloud Run Functions" service_id=29E7-DA93-CA13
2026/09/13 16:51:10 INFO scraping service vendor=gcp service="Compute Engine" service_id=6F81-5844-456A
2026/09/13 16:51:10 INFO scraping service vendor=gcp service="Cloud Storage" service_id=95FF-2EF5-5EA1
2026/09/13 16:51:10 INFO scraping service vendor=gcp service="Kubernetes Engine" service_id=CCD8-9BF1-090E
2026/09/13 16:51:10 INFO scraping service vendor=gcp service="Cloud SQL" service_id=9662-B51E-5089
2026/09/13 16:51:10 INFO scraping service vendor=gcp service="Cloud DNS" service_id=FA26-5236-B8B5
2026/09/13 16:51:10 INFO scraping service vendor=gcp service=Networking service_id=E505-1604-58F8
2026/09/13 16:51:10 INFO scraping service vendor=gcp service="Cloud Run" service_id=152E-C115-5142
=== RUN   TestGCPAuthFailureNotSwallowed/skusForbidden
2026/09/13 16:51:10 WARN GCP service display name not resolved (rename or removed?) vendor=gcp name="Cloud Memorystore for Redis"
2026/09/13 16:51:10 WARN GCP service display name not resolved (rename or removed?) vendor=gcp name=BigQuery
2026/09/13 16:51:10 WARN GCP service display name not resolved (rename or removed?) vendor=gcp name="Cloud Filestore"
2026/09/13 16:51:10 WARN GCP service display name not resolved (rename or removed?) vendor=gcp name="Cloud Bigtable"
2026/09/13 16:51:10 WARN GCP service display name not resolved (rename or removed?) vendor=gcp name="Secret Manager"
2026/09/13 16:51:10 WARN GCP service display name not resolved (rename or removed?) vendor=gcp name="Cloud Key Management Service (KMS)"
2026/09/13 16:51:10 WARN GCP service display name not resolved (rename or removed?) vendor=gcp name="Artifact Registry"
2026/09/13 16:51:10 WARN GCP service display name not resolved (rename or removed?) vendor=gcp name="Cloud Logging"
2026/09/13 16:51:10 WARN GCP service display name not resolved (rename or removed?) vendor=gcp name="Cloud Spanner"
2026/09/13 16:51:10 WARN GCP service display name not resolved (rename or removed?) vendor=gcp name="Cloud Dataflow"
2026/09/13 16:51:10 WARN GCP service display name not resolved (rename or removed?) vendor=gcp name=Dataproc
2026/09/13 16:51:10 INFO scraping service vendor=gcp service="Compute Engine" service_id=6F81-5844-456A
2026/09/13 16:51:10 INFO scraping service vendor=gcp service="Cloud Storage" service_id=95FF-2EF5-5EA1
2026/09/13 16:51:10 INFO scraping service vendor=gcp service="Cloud Pub/Sub" service_id=A1E8-BE35-7EBC
2026/09/13 16:51:10 INFO scraping service vendor=gcp service="Kubernetes Engine" service_id=CCD8-9BF1-090E
2026/09/13 16:51:10 INFO scraping service vendor=gcp service="Cloud SQL" service_id=9662-B51E-5089
2026/09/13 16:51:10 INFO scraping service vendor=gcp service="Cloud DNS" service_id=FA26-5236-B8B5
2026/09/13 16:51:10 INFO scraping service vendor=gcp service="Cloud Run" service_id=152E-C115-5142
2026/09/13 16:51:10 INFO scraping service vendor=gcp service="Cloud Run Functions" service_id=29E7-DA93-CA13
2026/09/13 16:51:10 INFO scraping service vendor=gcp service=Networking service_id=E505-1604-58F8
--- PASS: TestGCPAuthFailureNotSwallowed (0.00s)
    --- PASS: TestGCPAuthFailureNotSwallowed/servicesUnauthorized (0.00s)
    --- PASS: TestGCPAuthFailureNotSwallowed/servicesForbidden (0.00s)
    --- PASS: TestGCPAuthFailureNotSwallowed/skusUnauthorized (0.00s)
    --- PASS: TestGCPAuthFailureNotSwallowed/skusForbidden (0.00s)
=== RUN   TestGCPResponseErrorsRedacted
=== RUN   TestGCPResponseErrorsRedacted/services/status
=== RUN   TestGCPResponseErrorsRedacted/services/json
=== RUN   TestGCPResponseErrorsRedacted/services/read
=== RUN   TestGCPResponseErrorsRedacted/skus/status
=== RUN   TestGCPResponseErrorsRedacted/skus/json
=== RUN   TestGCPResponseErrorsRedacted/skus/read
--- PASS: TestGCPResponseErrorsRedacted (0.00s)
    --- PASS: TestGCPResponseErrorsRedacted/services/status (0.00s)
    --- PASS: TestGCPResponseErrorsRedacted/services/json (0.00s)
    --- PASS: TestGCPResponseErrorsRedacted/services/read (0.00s)
    --- PASS: TestGCPResponseErrorsRedacted/skus/status (0.00s)
    --- PASS: TestGCPResponseErrorsRedacted/skus/json (0.00s)
    --- PASS: TestGCPResponseErrorsRedacted/skus/read (0.00s)
PASS
ok  	github.com/c3xdev/c3x-pricing-api/internal/scraper	0.003s
