=== RUN   TestGCPAuthFailureNotSwallowed
=== RUN   TestGCPAuthFailureNotSwallowed/servicesUnauthorized
2026/09/13 16:50:38 WARN service discovery failed; proceeding with hard-coded services only vendor=gcp error="GCP services list HTTP 401"
2026/09/13 16:50:38 INFO scraping service vendor=gcp service="Cloud DNS" service_id=FA26-5236-B8B5
2026/09/13 16:50:38 WARN scrape failed vendor=gcp service="Cloud DNS" error="fetch Cloud DNS: HTTP 401: sensitive-body"
2026/09/13 16:50:38 INFO scraping service vendor=gcp service=Networking service_id=E505-1604-58F8
2026/09/13 16:50:38 WARN scrape failed vendor=gcp service=Networking error="fetch Networking: HTTP 401: sensitive-body"
2026/09/13 16:50:38 INFO scraping service vendor=gcp service="Kubernetes Engine" service_id=CCD8-9BF1-090E
2026/09/13 16:50:38 WARN scrape failed vendor=gcp service="Kubernetes Engine" error="fetch Kubernetes Engine: HTTP 401: sensitive-body"
2026/09/13 16:50:38 INFO scraping service vendor=gcp service="Cloud Pub/Sub" service_id=A1E8-BE35-7EBC
2026/09/13 16:50:38 WARN scrape failed vendor=gcp service="Cloud Pub/Sub" error="fetch Cloud Pub/Sub: HTTP 401: sensitive-body"
2026/09/13 16:50:38 INFO scraping service vendor=gcp service="Cloud Run Functions" service_id=29E7-DA93-CA13
2026/09/13 16:50:38 WARN scrape failed vendor=gcp service="Cloud Run Functions" error="fetch Cloud Run Functions: HTTP 401: sensitive-body"
2026/09/13 16:50:38 INFO scraping service vendor=gcp service="Compute Engine" service_id=6F81-5844-456A
2026/09/13 16:50:38 WARN scrape failed vendor=gcp service="Compute Engine" error="fetch Compute Engine: HTTP 401: sensitive-body"
2026/09/13 16:50:38 INFO scraping service vendor=gcp service="Cloud Storage" service_id=95FF-2EF5-5EA1
2026/09/13 16:50:38 WARN scrape failed vendor=gcp service="Cloud Storage" error="fetch Cloud Storage: HTTP 401: sensitive-body"
2026/09/13 16:50:38 INFO scraping service vendor=gcp service="Cloud Run" service_id=152E-C115-5142
2026/09/13 16:50:38 WARN scrape failed vendor=gcp service="Cloud Run" error="fetch Cloud Run: HTTP 401: sensitive-body"
2026/09/13 16:50:38 INFO scraping service vendor=gcp service="Cloud SQL" service_id=9662-B51E-5089
2026/09/13 16:50:38 WARN scrape failed vendor=gcp service="Cloud SQL" error="fetch Cloud SQL: HTTP 401: sensitive-body"
2026/09/13 16:50:38 INFO synthesizing predefined machine type products vendor=gcp
2026/09/13 16:50:38 INFO synthesized machine type products vendor=gcp products=0
    gcp_errors_test.go:21: auth error swallowed or leaked: <nil>
=== RUN   TestGCPAuthFailureNotSwallowed/servicesForbidden
2026/09/13 16:50:38 WARN service discovery failed; proceeding with hard-coded services only vendor=gcp error="GCP services list HTTP 403"
2026/09/13 16:50:38 INFO scraping service vendor=gcp service="Cloud DNS" service_id=FA26-5236-B8B5
2026/09/13 16:50:38 WARN scrape failed vendor=gcp service="Cloud DNS" error="fetch Cloud DNS: HTTP 403: sensitive-body"
2026/09/13 16:50:38 INFO scraping service vendor=gcp service=Networking service_id=E505-1604-58F8
2026/09/13 16:50:38 WARN scrape failed vendor=gcp service=Networking error="fetch Networking: HTTP 403: sensitive-body"
2026/09/13 16:50:38 INFO scraping service vendor=gcp service="Kubernetes Engine" service_id=CCD8-9BF1-090E
2026/09/13 16:50:38 WARN scrape failed vendor=gcp service="Kubernetes Engine" error="fetch Kubernetes Engine: HTTP 403: sensitive-body"
2026/09/13 16:50:38 INFO scraping service vendor=gcp service="Compute Engine" service_id=6F81-5844-456A
2026/09/13 16:50:38 WARN scrape failed vendor=gcp service="Compute Engine" error="fetch Compute Engine: HTTP 403: sensitive-body"
2026/09/13 16:50:38 INFO scraping service vendor=gcp service="Cloud Pub/Sub" service_id=A1E8-BE35-7EBC
2026/09/13 16:50:38 WARN scrape failed vendor=gcp service="Cloud Pub/Sub" error="fetch Cloud Pub/Sub: HTTP 403: sensitive-body"
2026/09/13 16:50:38 INFO scraping service vendor=gcp service="Cloud Run Functions" service_id=29E7-DA93-CA13
2026/09/13 16:50:38 WARN scrape failed vendor=gcp service="Cloud Run Functions" error="fetch Cloud Run Functions: HTTP 403: sensitive-body"
2026/09/13 16:50:38 INFO scraping service vendor=gcp service="Cloud Storage" service_id=95FF-2EF5-5EA1
2026/09/13 16:50:38 WARN scrape failed vendor=gcp service="Cloud Storage" error="fetch Cloud Storage: HTTP 403: sensitive-body"
2026/09/13 16:50:38 INFO scraping service vendor=gcp service="Cloud Run" service_id=152E-C115-5142
2026/09/13 16:50:38 WARN scrape failed vendor=gcp service="Cloud Run" error="fetch Cloud Run: HTTP 403: sensitive-body"
2026/09/13 16:50:38 INFO scraping service vendor=gcp service="Cloud SQL" service_id=9662-B51E-5089
2026/09/13 16:50:38 WARN scrape failed vendor=gcp service="Cloud SQL" error="fetch Cloud SQL: HTTP 403: sensitive-body"
2026/09/13 16:50:38 INFO synthesizing predefined machine type products vendor=gcp
2026/09/13 16:50:38 INFO synthesized machine type products vendor=gcp products=0
    gcp_errors_test.go:21: auth error swallowed or leaked: <nil>
=== RUN   TestGCPAuthFailureNotSwallowed/skusUnauthorized
2026/09/13 16:50:38 WARN GCP service display name not resolved (rename or removed?) vendor=gcp name="Cloud Memorystore for Redis"
2026/09/13 16:50:38 WARN GCP service display name not resolved (rename or removed?) vendor=gcp name=BigQuery
2026/09/13 16:50:38 WARN GCP service display name not resolved (rename or removed?) vendor=gcp name="Cloud Filestore"
2026/09/13 16:50:38 WARN GCP service display name not resolved (rename or removed?) vendor=gcp name="Cloud Bigtable"
2026/09/13 16:50:38 WARN GCP service display name not resolved (rename or removed?) vendor=gcp name="Secret Manager"
2026/09/13 16:50:38 WARN GCP service display name not resolved (rename or removed?) vendor=gcp name="Cloud Key Management Service (KMS)"
2026/09/13 16:50:38 WARN GCP service display name not resolved (rename or removed?) vendor=gcp name="Artifact Registry"
2026/09/13 16:50:38 WARN GCP service display name not resolved (rename or removed?) vendor=gcp name="Cloud Logging"
2026/09/13 16:50:38 WARN GCP service display name not resolved (rename or removed?) vendor=gcp name="Cloud Spanner"
2026/09/13 16:50:38 WARN GCP service display name not resolved (rename or removed?) vendor=gcp name="Cloud Dataflow"
2026/09/13 16:50:38 WARN GCP service display name not resolved (rename or removed?) vendor=gcp name=Dataproc
2026/09/13 16:50:38 INFO scraping service vendor=gcp service="Cloud SQL" service_id=9662-B51E-5089
2026/09/13 16:50:38 WARN scrape failed vendor=gcp service="Cloud SQL" error="fetch Cloud SQL: HTTP 401: sensitive-body"
2026/09/13 16:50:38 INFO scraping service vendor=gcp service="Cloud Run Functions" service_id=29E7-DA93-CA13
2026/09/13 16:50:38 WARN scrape failed vendor=gcp service="Cloud Run Functions" error="fetch Cloud Run Functions: HTTP 401: sensitive-body"
2026/09/13 16:50:38 INFO scraping service vendor=gcp service="Cloud DNS" service_id=FA26-5236-B8B5
2026/09/13 16:50:38 WARN scrape failed vendor=gcp service="Cloud DNS" error="fetch Cloud DNS: HTTP 401: sensitive-body"
2026/09/13 16:50:38 INFO scraping service vendor=gcp service="Kubernetes Engine" service_id=CCD8-9BF1-090E
2026/09/13 16:50:38 WARN scrape failed vendor=gcp service="Kubernetes Engine" error="fetch Kubernetes Engine: HTTP 401: sensitive-body"
2026/09/13 16:50:38 INFO scraping service vendor=gcp service="Compute Engine" service_id=6F81-5844-456A
2026/09/13 16:50:38 WARN scrape failed vendor=gcp service="Compute Engine" error="fetch Compute Engine: HTTP 401: sensitive-body"
2026/09/13 16:50:38 INFO scraping service vendor=gcp service="Cloud Storage" service_id=95FF-2EF5-5EA1
2026/09/13 16:50:38 WARN scrape failed vendor=gcp service="Cloud Storage" error="fetch Cloud Storage: HTTP 401: sensitive-body"
2026/09/13 16:50:38 INFO scraping service vendor=gcp service="Cloud Pub/Sub" service_id=A1E8-BE35-7EBC
2026/09/13 16:50:38 WARN scrape failed vendor=gcp service="Cloud Pub/Sub" error="fetch Cloud Pub/Sub: HTTP 401: sensitive-body"
2026/09/13 16:50:38 INFO scraping service vendor=gcp service=Networking service_id=E505-1604-58F8
2026/09/13 16:50:38 WARN scrape failed vendor=gcp service=Networking error="fetch Networking: HTTP 401: sensitive-body"
2026/09/13 16:50:38 INFO scraping service vendor=gcp service="Cloud Run" service_id=152E-C115-5142
2026/09/13 16:50:38 WARN scrape failed vendor=gcp service="Cloud Run" error="fetch Cloud Run: HTTP 401: sensitive-body"
2026/09/13 16:50:38 INFO synthesizing predefined machine type products vendor=gcp
2026/09/13 16:50:38 INFO synthesized machine type products vendor=gcp products=0
    gcp_errors_test.go:21: auth error swallowed or leaked: <nil>
=== RUN   TestGCPAuthFailureNotSwallowed/skusForbidden
2026/09/13 16:50:38 WARN GCP service display name not resolved (rename or removed?) vendor=gcp name="Cloud Memorystore for Redis"
2026/09/13 16:50:38 WARN GCP service display name not resolved (rename or removed?) vendor=gcp name=BigQuery
2026/09/13 16:50:38 WARN GCP service display name not resolved (rename or removed?) vendor=gcp name="Cloud Filestore"
2026/09/13 16:50:38 WARN GCP service display name not resolved (rename or removed?) vendor=gcp name="Cloud Bigtable"
2026/09/13 16:50:38 WARN GCP service display name not resolved (rename or removed?) vendor=gcp name="Secret Manager"
2026/09/13 16:50:38 WARN GCP service display name not resolved (rename or removed?) vendor=gcp name="Cloud Key Management Service (KMS)"
2026/09/13 16:50:38 WARN GCP service display name not resolved (rename or removed?) vendor=gcp name="Artifact Registry"
2026/09/13 16:50:38 WARN GCP service display name not resolved (rename or removed?) vendor=gcp name="Cloud Logging"
2026/09/13 16:50:38 WARN GCP service display name not resolved (rename or removed?) vendor=gcp name="Cloud Spanner"
2026/09/13 16:50:38 WARN GCP service display name not resolved (rename or removed?) vendor=gcp name="Cloud Dataflow"
2026/09/13 16:50:38 WARN GCP service display name not resolved (rename or removed?) vendor=gcp name=Dataproc
2026/09/13 16:50:38 INFO scraping service vendor=gcp service="Cloud Storage" service_id=95FF-2EF5-5EA1
2026/09/13 16:50:38 WARN scrape failed vendor=gcp service="Cloud Storage" error="fetch Cloud Storage: HTTP 403: sensitive-body"
2026/09/13 16:50:38 INFO scraping service vendor=gcp service="Cloud Run Functions" service_id=29E7-DA93-CA13
2026/09/13 16:50:38 WARN scrape failed vendor=gcp service="Cloud Run Functions" error="fetch Cloud Run Functions: HTTP 403: sensitive-body"
2026/09/13 16:50:38 INFO scraping service vendor=gcp service="Kubernetes Engine" service_id=CCD8-9BF1-090E
2026/09/13 16:50:38 WARN scrape failed vendor=gcp service="Kubernetes Engine" error="fetch Kubernetes Engine: HTTP 403: sensitive-body"
2026/09/13 16:50:38 INFO scraping service vendor=gcp service="Cloud Run" service_id=152E-C115-5142
2026/09/13 16:50:38 WARN scrape failed vendor=gcp service="Cloud Run" error="fetch Cloud Run: HTTP 403: sensitive-body"
2026/09/13 16:50:38 INFO scraping service vendor=gcp service="Cloud Pub/Sub" service_id=A1E8-BE35-7EBC
2026/09/13 16:50:38 WARN scrape failed vendor=gcp service="Cloud Pub/Sub" error="fetch Cloud Pub/Sub: HTTP 403: sensitive-body"
2026/09/13 16:50:38 INFO scraping service vendor=gcp service="Cloud SQL" service_id=9662-B51E-5089
2026/09/13 16:50:38 WARN scrape failed vendor=gcp service="Cloud SQL" error="fetch Cloud SQL: HTTP 403: sensitive-body"
2026/09/13 16:50:38 INFO scraping service vendor=gcp service="Cloud DNS" service_id=FA26-5236-B8B5
2026/09/13 16:50:38 WARN scrape failed vendor=gcp service="Cloud DNS" error="fetch Cloud DNS: HTTP 403: sensitive-body"
2026/09/13 16:50:38 INFO scraping service vendor=gcp service=Networking service_id=E505-1604-58F8
2026/09/13 16:50:38 WARN scrape failed vendor=gcp service=Networking error="fetch Networking: HTTP 403: sensitive-body"
2026/09/13 16:50:38 INFO scraping service vendor=gcp service="Compute Engine" service_id=6F81-5844-456A
2026/09/13 16:50:38 WARN scrape failed vendor=gcp service="Compute Engine" error="fetch Compute Engine: HTTP 403: sensitive-body"
2026/09/13 16:50:38 INFO synthesizing predefined machine type products vendor=gcp
2026/09/13 16:50:38 INFO synthesized machine type products vendor=gcp products=0
    gcp_errors_test.go:21: auth error swallowed or leaked: <nil>
--- FAIL: TestGCPAuthFailureNotSwallowed (0.00s)
    --- FAIL: TestGCPAuthFailureNotSwallowed/servicesUnauthorized (0.00s)
    --- FAIL: TestGCPAuthFailureNotSwallowed/servicesForbidden (0.00s)
    --- FAIL: TestGCPAuthFailureNotSwallowed/skusUnauthorized (0.00s)
    --- FAIL: TestGCPAuthFailureNotSwallowed/skusForbidden (0.00s)
=== RUN   TestGCPResponseErrorsRedacted
=== RUN   TestGCPResponseErrorsRedacted/services/status
=== RUN   TestGCPResponseErrorsRedacted/services/json
    gcp_errors_test.go:43: expected fully sanitized decoding/read error, got decode GCP services list: invalid character 's' looking for beginning of value
=== RUN   TestGCPResponseErrorsRedacted/services/read
    gcp_errors_test.go:43: expected fully sanitized decoding/read error, got decode GCP services list: unexpected end of JSON input
=== RUN   TestGCPResponseErrorsRedacted/skus/status
    gcp_errors_test.go:42: response error swallowed/leaked: HTTP 403: sensitive-response-body
=== RUN   TestGCPResponseErrorsRedacted/skus/json
    gcp_errors_test.go:43: expected fully sanitized decoding/read error, got decode response: invalid character 's' looking for beginning of value
=== RUN   TestGCPResponseErrorsRedacted/skus/read
    gcp_errors_test.go:42: response error swallowed/leaked: decode response: sensitive-read-error
--- FAIL: TestGCPResponseErrorsRedacted (0.00s)
    --- PASS: TestGCPResponseErrorsRedacted/services/status (0.00s)
    --- FAIL: TestGCPResponseErrorsRedacted/services/json (0.00s)
    --- FAIL: TestGCPResponseErrorsRedacted/services/read (0.00s)
    --- FAIL: TestGCPResponseErrorsRedacted/skus/status (0.00s)
    --- FAIL: TestGCPResponseErrorsRedacted/skus/json (0.00s)
    --- FAIL: TestGCPResponseErrorsRedacted/skus/read (0.00s)
FAIL
FAIL	github.com/c3xdev/c3x-pricing-api/internal/scraper	0.003s
FAIL
